// Jest Snapshot v1, https://goo.gl/fbAQLP

exports[`App App should be rendered wihout breaking 1`] = `
<div
  className="App"
>
  <Header />
  <EmojiContextProvider>
    <SearchBar />
    <ToastContextProvider>
      <EmojiList />
      <Toast />
    </ToastContextProvider>
  </EmojiContextProvider>
</div>
`;
